26-01-07 16:56:18.396 :   task: msrresnet_gan_gcn_allNodes_drop_mask_globalLoss
  model: gan
  gpu_ids: [0]
  scale: 8
  n_channels: 26
  sigma: [0, 50]
  sigma_test: 0
  merge_bn: False
  merge_bn_startpoint: 400000
  path:[
    root: ../../res/src_graph
    pretrained_netG: None
    pretrained_netD: None
    pretrained_netE: None
    task: ../../res/src_graph/msrresnet_gan_gcn_allNodes_drop_mask_globalLoss
    log: ../../res/src_graph/msrresnet_gan_gcn_allNodes_drop_mask_globalLoss
    tensorboard: ../../res/src_graph/msrresnet_gan_gcn_allNodes_drop_mask_globalLoss/logs
    options: ../../res/src_graph/msrresnet_gan_gcn_allNodes_drop_mask_globalLoss/options
    models: ../../res/src_graph/msrresnet_gan_gcn_allNodes_drop_mask_globalLoss/models
    images: ../../res/src_graph/msrresnet_gan_gcn_allNodes_drop_mask_globalLoss/images
    pretrained_optimizerG: None
    pretrained_optimizerD: None
  ]
  datasets:[
    train:[
      engine: h5netcdf
      input_group: input
      output_group: output
      name: hrrr_mini_train
      dataset_type: hrrr_netcdf
      dataroot_nc: /home/s460479/ProjectRainscale/Cluster/physicsnemoKIDS/examples/weather/ProjektModelle/David/Data/hrrr_mini/hrrr_mini_train.nc
      input_vars: ['u10m', 'v10m', 't2m', 'tcwv', 'sp', 'msl', 'u1000', 'u850', 'u500', 'u250', 'v1000', 'v850', 'v500', 'v250', 'z1000', 'z850', 'z500', 'z250', 't1000', 't850', 't500', 't250', 'q1000', 'q850', 'q500', 'q250']
      output_vars: ['2t', '10u', '10v', 'tp']
      sample_dim: sample
      coord_var: coord
      time_var: time
      nan_to_num: 0.0
      normalize: False
      dataloader_shuffle: True
      dataloader_num_workers: 8
      dataloader_batch_size: 128
      phase: train
      scale: 8
      n_channels: 26
    ]
    test:[
      engine: h5netcdf
      input_group: input
      output_group: output
      name: hrrr_mini_test
      dataset_type: hrrr_netcdf
      dataroot_nc: /home/s460479/ProjectRainscale/Cluster/physicsnemoKIDS/examples/weather/ProjektModelle/David/Data/hrrr_mini/hrrr_mini_train.nc
      input_vars: ['u10m', 'v10m', 't2m', 'tcwv', 'sp', 'msl', 'u1000', 'u850', 'u500', 'u250', 'v1000', 'v850', 'v500', 'v250', 'z1000', 'z850', 'z500', 'z250', 't1000', 't850', 't500', 't250', 'q1000', 'q850', 'q500', 'q250']
      output_vars: ['2t', '10u', '10v', 'tp']
      sample_dim: sample
      coord_var: coord
      time_var: time
      nan_to_num: 0.0
      normalize: False
      dataloader_shuffle: False
      dataloader_num_workers: 0
      dataloader_batch_size: 1
      phase: test
      scale: 8
      n_channels: 26
    ]
  ]
  netG:[
    net_type: msrresnet0_mask
    in_nc: 26
    out_nc: 4
    nc: 64
    nb: 16
    gc: 32
    ng: 2
    reduction: 16
    act_mode: R
    upsample_mode: upconv
    downsample_mode: strideconv
    init_type: orthogonal
    init_bn_type: uniform
    init_gain: 0.2
    scale: 8
  ]
  netD:[
    net_type: discriminator_unet
    in_nc: 4
    base_nc: 64
    init_type: orthogonal
    init_bn_type: uniform
    init_gain: 0.2
    n_layers: 3
    norm_type: spectral
  ]
  train:[
    G_lossfn_type: l1
    G_lossfn_weight: 0.01
    M_lossfn_weight: 0.001
    global_lossfn_weight: 0.001
    F_lossfn_type: l1
    F_lossfn_weight: 0
    F_feature_layer: 34
    F_weights: 1.0
    F_use_input_norm: True
    F_use_range_norm: False
    gan_type: ragan
    D_lossfn_weight: 0.005
    E_decay: 0.999
    D_init_iters: 0
    G_optimizer_type: adam
    G_optimizer_lr: 1e-05
    G_optimizer_wd: 0
    D_optimizer_type: adam
    D_optimizer_lr: 1e-05
    D_optimizer_wd: 0
    G_scheduler_type: MultiStepLR
    G_scheduler_milestones: [3000000, 12000000, 18000000, 30000000]
    G_scheduler_gamma: 0.5
    G_optimizer_reuse: True
    D_scheduler_type: MultiStepLR
    D_scheduler_milestones: [3000000, 12000000, 18000000, 30000000]
    D_scheduler_gamma: 0.5
    D_optimizer_reuse: True
    G_param_strict: True
    D_param_strict: True
    E_param_strict: True
    checkpoint_test: 1
    checkpoint_save: 25000
    checkpoint_print: 1
    manual_seed: 3407
    G_optimizer_betas: [0.9, 0.999]
    G_scheduler_restart_weights: 1
    M_optimizer_type: adam
    M_optimizer_betas: [0.9, 0.999]
    M_scheduler_restart_weights: 1
    M_optimizer_wd: 0
    M_optimizer_reuse: False
  ]
  opt_path: ../deep_learning/options/rainscaler_config.json
  is_train: True
  find_unused_parameters: True
  use_static_graph: False
  dist: False
  num_gpu: 1
  rank: 0
  world_size: 1

Traceback (most recent call last):
  File "/home/s460479/ProjektRainscale/Cluster/physicsnemoKIDS/examples/weather/ProjektModelle/David/RainscalerVorlage/src_masked_graph/methods/rainscaler.py", line 327, in <module>
    main()
  File "/home/s460479/ProjektRainscale/Cluster/physicsnemoKIDS/examples/weather/ProjektModelle/David/RainscalerVorlage/src_masked_graph/methods/rainscaler.py", line 94, in main
    wandb_run = wandb.init(
                ^^^^^^^^^^^
  File "/home/s460479/ProjektRainscale/Cluster/venv/lib/python3.11/site-packages/wandb/sdk/wandb_init.py", line 1594, in init
    get_sentry().reraise(e)
  File "/home/s460479/ProjektRainscale/Cluster/venv/lib/python3.11/site-packages/wandb/analytics/sentry.py", line 190, in reraise
    raise exc.with_traceback(tb)
  File "/home/s460479/ProjektRainscale/Cluster/venv/lib/python3.11/site-packages/wandb/sdk/wandb_init.py", line 1515, in init
    wi.maybe_login(init_settings)
  File "/home/s460479/ProjektRainscale/Cluster/venv/lib/python3.11/site-packages/wandb/sdk/wandb_init.py", line 192, in maybe_login
    wandb_login._login(
  File "/home/s460479/ProjektRainscale/Cluster/venv/lib/python3.11/site-packages/wandb/sdk/wandb_login.py", line 365, in _login
    key, key_status = wlogin.prompt_api_key(referrer=referrer)
                      ^^^^^^^^^^^^^^^^^^^^^^^^^^^^^^^^^^^^^^^^
  File "/home/s460479/ProjektRainscale/Cluster/venv/lib/python3.11/site-packages/wandb/sdk/wandb_login.py", line 272, in prompt_api_key
    raise UsageError(message) from None
wandb.errors.errors.UsageError: No API key configured. Use `wandb login` to log in.
srun: error: jn017: task 0: Exited with exit code 1
